// Jest Snapshot v1, https://goo.gl/fbAQLP

exports[`renders the Editor component 1`] = `
Object {
  "asFragment": [Function],
  "baseElement": <body>
    <div>
      <div
        class="Preview"
      >
        <div
          class="charSection top"
        >
          <img
            alt="top"
            class="image"
            src="/assets/top-1.png"
          />
        </div>
        <div
          class="charSection middle"
        >
          <img
            alt="middle"
            class="image"
            src="/assets/middle-1.png"
          />
        </div>
        <div
          class="charSection bottom"
        >
          <img
            alt="bottom"
            class="image"
            src="/assets/bottom-1.png"
          />
        </div>
      </div>
    </div>
  </body>,
  "container": <div>
    <div
      class="Preview"
    >
      <div
        class="charSection top"
      >
        <img
          alt="top"
          class="image"
          src="/assets/top-1.png"
        />
      </div>
      <div
        class="charSection middle"
      >
        <img
          alt="middle"
          class="image"
          src="/assets/middle-1.png"
        />
      </div>
      <div
        class="charSection bottom"
      >
        <img
          alt="bottom"
          class="image"
          src="/assets/bottom-1.png"
        />
      </div>
    </div>
  </div>,
  "debug": [Function],
  "findAllByAltText": [Function],
  "findAllByDisplayValue": [Function],
  "findAllByLabelText": [Function],
  "findAllByPlaceholderText": [Function],
  "findAllByRole": [Function],
  "findAllByTestId": [Function],
  "findAllByText": [Function],
  "findAllByTitle": [Function],
  "findByAltText": [Function],
  "findByDisplayValue": [Function],
  "findByLabelText": [Function],
  "findByPlaceholderText": [Function],
  "findByRole": [Function],
  "findByTestId": [Function],
  "findByText": [Function],
  "findByTitle": [Function],
  "getAllByAltText": [Function],
  "getAllByDisplayValue": [Function],
  "getAllByLabelText": [Function],
  "getAllByPlaceholderText": [Function],
  "getAllByRole": [Function],
  "getAllByTestId": [Function],
  "getAllByText": [Function],
  "getAllByTitle": [Function],
  "getByAltText": [Function],
  "getByDisplayValue": [Function],
  "getByLabelText": [Function],
  "getByPlaceholderText": [Function],
  "getByRole": [Function],
  "getByTestId": [Function],
  "getByText": [Function],
  "getByTitle": [Function],
  "queryAllByAltText": [Function],
  "queryAllByDisplayValue": [Function],
  "queryAllByLabelText": [Function],
  "queryAllByPlaceholderText": [Function],
  "queryAllByRole": [Function],
  "queryAllByTestId": [Function],
  "queryAllByText": [Function],
  "queryAllByTitle": [Function],
  "queryByAltText": [Function],
  "queryByDisplayValue": [Function],
  "queryByLabelText": [Function],
  "queryByPlaceholderText": [Function],
  "queryByRole": [Function],
  "queryByTestId": [Function],
  "queryByText": [Function],
  "queryByTitle": [Function],
  "rerender": [Function],
  "unmount": [Function],
}
`;
